MPLINK 4.49, Linker
Linker Map File - Created Thu Aug 24 20:30:33 2017

                                 Section Info
                  Section       Type    Address   Location Size(Bytes)
                ---------  ---------  ---------  ---------  ---------
                   .org_0       code   0x000000    program   0x000000
                   .org_1       code   0x000000    program   0x000008
                   .org_2       code   0x000004    program   0x000332
                   .org_3       code   0x0001a1    program   0x0000be
.config_8007_BOOTLOADER.O       code   0x008007    program   0x000002
.config_8008_BOOTLOADER.O       code   0x008008    program   0x000002



                              Program Memory Usage 
                               Start         End      
                           ---------   ---------      
                            0x000000    0x00019c      
                            0x0001a1    0x0001ff      
                            0x008007    0x008008      
            510 out of 8199 program addresses used, program memory utilization is 6%



                              Symbols - Sorted by Name
                     Name    Address   Location    Storage File                     
                ---------  ---------  ---------  --------- ---------                
ABSTRACT_CONTROL_MANAGEMENT_FUNC   0x0001ca    program     static C:\Users\User\Documents\GitHub\PIC16F1-USB-Bootloader\bootloader.asm
CALL_MANAGEMENT_FUNCTIONAL_DESCR   0x0001d3    program     static C:\Users\User\Documents\GitHub\PIC16F1-USB-Bootloader\bootloader.asm
 CONFIGURATION_0_CONSTANT   0x0001bf    program     static C:\Users\User\Documents\GitHub\PIC16F1-USB-Bootloader\bootloader.asm
 CONFIGURATION_1_CONSTANT   0x0001c0    program     static C:\Users\User\Documents\GitHub\PIC16F1-USB-Bootloader\bootloader.asm
 CONFIGURATION_DESCRIPTOR   0x0001b3    program     static C:\Users\User\Documents\GitHub\PIC16F1-USB-Bootloader\bootloader.asm
        DEVICE_DESCRIPTOR   0x0001a1    program     static C:\Users\User\Documents\GitHub\PIC16F1-USB-Bootloader\bootloader.asm
 ENDPOINT_DESCRIPTOR_1_IN   0x0001e8    program     static C:\Users\User\Documents\GitHub\PIC16F1-USB-Bootloader\bootloader.asm
ENDPOINT_DESCRIPTOR_1_OUT   0x0001ef    program     static C:\Users\User\Documents\GitHub\PIC16F1-USB-Bootloader\bootloader.asm
 ENDPOINT_DESCRIPTOR_2_IN   0x0001d8    program     static C:\Users\User\Documents\GitHub\PIC16F1-USB-Bootloader\bootloader.asm
HEADER_FUNCTIONAL_DESCRIPTOR   0x0001c5    program     static C:\Users\User\Documents\GitHub\PIC16F1-USB-Bootloader\bootloader.asm
   INTERFACE_DESCRIPTOR_0   0x0001bc    program     static C:\Users\User\Documents\GitHub\PIC16F1-USB-Bootloader\bootloader.asm
   INTERFACE_DESCRIPTOR_1   0x0001df    program     static C:\Users\User\Documents\GitHub\PIC16F1-USB-Bootloader\bootloader.asm
           INTERRUPT_VECT   0x000004    program     static C:\Users\User\Documents\GitHub\PIC16F1-USB-Bootloader\bootloader.asm
               RESET_VECT   0x000000    program     static C:\Users\User\Documents\GitHub\PIC16F1-USB-Bootloader\bootloader.asm
SERIAL_NUMBER_STRING_DESCRIPTOR   0x0001f6    program     static C:\Users\User\Documents\GitHub\PIC16F1-USB-Bootloader\bootloader.asm
UNION_FUNCTIONAL_DESCRIPTOR   0x0001ce    program     static C:\Users\User\Documents\GitHub\PIC16F1-USB-Bootloader\bootloader.asm
                  _armbfs   0x000052    program     static C:\Users\User\Documents\GitHub\PIC16F1-USB-Bootloader\bootloader.asm
                  _bcdone   0x0000ad    program     static C:\Users\User\Documents\GitHub\PIC16F1-USB-Bootloader\bootloader.asm
                   _bcopy   0x0000a4    program     static C:\Users\User\Documents\GitHub\PIC16F1-USB-Bootloader\bootloader.asm
        _bootloader_erase   0x0000fb    program     static C:\Users\User\Documents\GitHub\PIC16F1-USB-Bootloader\bootloader.asm
    _bootloader_interrupt   0x00000a    program     static C:\Users\User\Documents\GitHub\PIC16F1-USB-Bootloader\bootloader.asm
         _bootloader_main   0x000146    program     static C:\Users\User\Documents\GitHub\PIC16F1-USB-Bootloader\bootloader.asm
        _bootloader_reset   0x0000e7    program     static C:\Users\User\Documents\GitHub\PIC16F1-USB-Bootloader\bootloader.asm
   _bootloader_set_params   0x0000ec    program     static C:\Users\User\Documents\GitHub\PIC16F1-USB-Bootloader\bootloader.asm
        _bootloader_write   0x000100    program     static C:\Users\User\Documents\GitHub\PIC16F1-USB-Bootloader\bootloader.asm
_check_for_config_bmattributes   0x0000af    program     static C:\Users\User\Documents\GitHub\PIC16F1-USB-Bootloader\bootloader.asm
_check_for_config_bmaxpower   0x0000b6    program     static C:\Users\User\Documents\GitHub\PIC16F1-USB-Bootloader\bootloader.asm
_check_for_pending_address   0x00008f    program     static C:\Users\User\Documents\GitHub\PIC16F1-USB-Bootloader\bootloader.asm
       _config_descriptor   0x00006b    program     static C:\Users\User\Documents\GitHub\PIC16F1-USB-Bootloader\bootloader.asm
                   _cread   0x000050    program     static C:\Users\User\Documents\GitHub\PIC16F1-USB-Bootloader\bootloader.asm
                  _cwrite   0x000057    program     static C:\Users\User\Documents\GitHub\PIC16F1-USB-Bootloader\bootloader.asm
       _device_descriptor   0x000067    program     static C:\Users\User\Documents\GitHub\PIC16F1-USB-Bootloader\bootloader.asm
                  _initep   0x000188    program     static C:\Users\User\Documents\GitHub\PIC16F1-USB-Bootloader\bootloader.asm
                    _loop   0x000024    program     static C:\Users\User\Documents\GitHub\PIC16F1-USB-Bootloader\bootloader.asm
                  _ramclr   0x00017a    program     static C:\Users\User\Documents\GitHub\PIC16F1-USB-Bootloader\bootloader.asm
_set_data_in_count_from_w   0x000072    program     static C:\Users\User\Documents\GitHub\PIC16F1-USB-Bootloader\bootloader.asm
       _string_descriptor   0x00006f    program     static C:\Users\User\Documents\GitHub\PIC16F1-USB-Bootloader\bootloader.asm
                  _tflush   0x000183    program     static C:\Users\User\Documents\GitHub\PIC16F1-USB-Bootloader\bootloader.asm
                    _ucdc   0x000021    program     static C:\Users\User\Documents\GitHub\PIC16F1-USB-Bootloader\bootloader.asm
              _usb_attach   0x00014a    program     static C:\Users\User\Documents\GitHub\PIC16F1-USB-Bootloader\bootloader.asm
       _usb_ctrl_complete   0x00004b    program     static C:\Users\User\Documents\GitHub\PIC16F1-USB-Bootloader\bootloader.asm
             _usb_ctrl_in   0x000088    program     static C:\Users\User\Documents\GitHub\PIC16F1-USB-Bootloader\bootloader.asm
        _usb_ctrl_invalid   0x000040    program     static C:\Users\User\Documents\GitHub\PIC16F1-USB-Bootloader\bootloader.asm
          _usb_ctrl_setup   0x00002c    program     static C:\Users\User\Documents\GitHub\PIC16F1-USB-Bootloader\bootloader.asm
   _usb_get_configuration   0x000081    program     static C:\Users\User\Documents\GitHub\PIC16F1-USB-Bootloader\bootloader.asm
      _usb_get_descriptor   0x00005b    program     static C:\Users\User\Documents\GitHub\PIC16F1-USB-Bootloader\bootloader.asm
         _usb_set_address   0x000079    program     static C:\Users\User\Documents\GitHub\PIC16F1-USB-Bootloader\bootloader.asm
   _usb_set_configuration   0x00007b    program     static C:\Users\User\Documents\GitHub\PIC16F1-USB-Bootloader\bootloader.asm
                   _usben   0x000150    program     static C:\Users\User\Documents\GitHub\PIC16F1-USB-Bootloader\bootloader.asm
                  _usdone   0x00001e    program     static C:\Users\User\Documents\GitHub\PIC16F1-USB-Bootloader\bootloader.asm
                  _utrans   0x000012    program     static C:\Users\User\Documents\GitHub\PIC16F1-USB-Bootloader\bootloader.asm
                   _vloop   0x00011f    program     static C:\Users\User\Documents\GitHub\PIC16F1-USB-Bootloader\bootloader.asm
                  _wcksum   0x000117    program     static C:\Users\User\Documents\GitHub\PIC16F1-USB-Bootloader\bootloader.asm
                   _wdone   0x0000fe    program     static C:\Users\User\Documents\GitHub\PIC16F1-USB-Bootloader\bootloader.asm
                   _wloop   0x00010b    program     static C:\Users\User\Documents\GitHub\PIC16F1-USB-Bootloader\bootloader.asm
                    _wosc   0x000138    program     static C:\Users\User\Documents\GitHub\PIC16F1-USB-Bootloader\bootloader.asm
           app_is_present   0x000154    program     static C:\Users\User\Documents\GitHub\PIC16F1-USB-Bootloader\bootloader.asm
    arm_ep0_in_with_flags   0x000054    program     static C:\Users\User\Documents\GitHub\PIC16F1-USB-Bootloader\bootloader.asm
              arm_ep0_out   0x000045    program     static C:\Users\User\Documents\GitHub\PIC16F1-USB-Bootloader\bootloader.asm
   arm_ep0_out_with_flags   0x000046    program     static C:\Users\User\Documents\GitHub\PIC16F1-USB-Bootloader\bootloader.asm
               arm_ep1_in   0x0000c1    program     static C:\Users\User\Documents\GitHub\PIC16F1-USB-Bootloader\bootloader.asm
              arm_ep1_out   0x0000d5    program     static C:\Users\User\Documents\GitHub\PIC16F1-USB-Bootloader\bootloader.asm
      bootloader_exec_cmd   0x0000da    program     static C:\Users\User\Documents\GitHub\PIC16F1-USB-Bootloader\bootloader.asm
     bootloader_main_loop   0x000023    program     static C:\Users\User\Documents\GitHub\PIC16F1-USB-Bootloader\bootloader.asm
         bootloader_start   0x000136    program     static C:\Users\User\Documents\GitHub\PIC16F1-USB-Bootloader\bootloader.asm
                 cdc_init   0x0000be    program     static C:\Users\User\Documents\GitHub\PIC16F1-USB-Bootloader\bootloader.asm
              ep0_read_in   0x000096    program     static C:\Users\User\Documents\GitHub\PIC16F1-USB-Bootloader\bootloader.asm
             flash_unlock   0x00012e    program     static C:\Users\User\Documents\GitHub\PIC16F1-USB-Bootloader\bootloader.asm
     get_app_power_config   0x00015a    program     static C:\Users\User\Documents\GitHub\PIC16F1-USB-Bootloader\bootloader.asm
                      ret   0x000135    program     static C:\Users\User\Documents\GitHub\PIC16F1-USB-Bootloader\bootloader.asm
                 usb_init   0x000165    program     static C:\Users\User\Documents\GitHub\PIC16F1-USB-Bootloader\bootloader.asm
          usb_service_cdc   0x0000c6    program     static C:\Users\User\Documents\GitHub\PIC16F1-USB-Bootloader\bootloader.asm
          usb_service_ep0   0x000025    program     static C:\Users\User\Documents\GitHub\PIC16F1-USB-Bootloader\bootloader.asm



                              Symbols - Sorted by Address
                     Name    Address   Location    Storage File                     
                ---------  ---------  ---------  --------- ---------                
               RESET_VECT   0x000000    program     static C:\Users\User\Documents\GitHub\PIC16F1-USB-Bootloader\bootloader.asm
           INTERRUPT_VECT   0x000004    program     static C:\Users\User\Documents\GitHub\PIC16F1-USB-Bootloader\bootloader.asm
    _bootloader_interrupt   0x00000a    program     static C:\Users\User\Documents\GitHub\PIC16F1-USB-Bootloader\bootloader.asm
                  _utrans   0x000012    program     static C:\Users\User\Documents\GitHub\PIC16F1-USB-Bootloader\bootloader.asm
                  _usdone   0x00001e    program     static C:\Users\User\Documents\GitHub\PIC16F1-USB-Bootloader\bootloader.asm
                    _ucdc   0x000021    program     static C:\Users\User\Documents\GitHub\PIC16F1-USB-Bootloader\bootloader.asm
     bootloader_main_loop   0x000023    program     static C:\Users\User\Documents\GitHub\PIC16F1-USB-Bootloader\bootloader.asm
                    _loop   0x000024    program     static C:\Users\User\Documents\GitHub\PIC16F1-USB-Bootloader\bootloader.asm
          usb_service_ep0   0x000025    program     static C:\Users\User\Documents\GitHub\PIC16F1-USB-Bootloader\bootloader.asm
          _usb_ctrl_setup   0x00002c    program     static C:\Users\User\Documents\GitHub\PIC16F1-USB-Bootloader\bootloader.asm
        _usb_ctrl_invalid   0x000040    program     static C:\Users\User\Documents\GitHub\PIC16F1-USB-Bootloader\bootloader.asm
              arm_ep0_out   0x000045    program     static C:\Users\User\Documents\GitHub\PIC16F1-USB-Bootloader\bootloader.asm
   arm_ep0_out_with_flags   0x000046    program     static C:\Users\User\Documents\GitHub\PIC16F1-USB-Bootloader\bootloader.asm
       _usb_ctrl_complete   0x00004b    program     static C:\Users\User\Documents\GitHub\PIC16F1-USB-Bootloader\bootloader.asm
                   _cread   0x000050    program     static C:\Users\User\Documents\GitHub\PIC16F1-USB-Bootloader\bootloader.asm
                  _armbfs   0x000052    program     static C:\Users\User\Documents\GitHub\PIC16F1-USB-Bootloader\bootloader.asm
    arm_ep0_in_with_flags   0x000054    program     static C:\Users\User\Documents\GitHub\PIC16F1-USB-Bootloader\bootloader.asm
                  _cwrite   0x000057    program     static C:\Users\User\Documents\GitHub\PIC16F1-USB-Bootloader\bootloader.asm
      _usb_get_descriptor   0x00005b    program     static C:\Users\User\Documents\GitHub\PIC16F1-USB-Bootloader\bootloader.asm
       _device_descriptor   0x000067    program     static C:\Users\User\Documents\GitHub\PIC16F1-USB-Bootloader\bootloader.asm
       _config_descriptor   0x00006b    program     static C:\Users\User\Documents\GitHub\PIC16F1-USB-Bootloader\bootloader.asm
       _string_descriptor   0x00006f    program     static C:\Users\User\Documents\GitHub\PIC16F1-USB-Bootloader\bootloader.asm
_set_data_in_count_from_w   0x000072    program     static C:\Users\User\Documents\GitHub\PIC16F1-USB-Bootloader\bootloader.asm
         _usb_set_address   0x000079    program     static C:\Users\User\Documents\GitHub\PIC16F1-USB-Bootloader\bootloader.asm
   _usb_set_configuration   0x00007b    program     static C:\Users\User\Documents\GitHub\PIC16F1-USB-Bootloader\bootloader.asm
   _usb_get_configuration   0x000081    program     static C:\Users\User\Documents\GitHub\PIC16F1-USB-Bootloader\bootloader.asm
             _usb_ctrl_in   0x000088    program     static C:\Users\User\Documents\GitHub\PIC16F1-USB-Bootloader\bootloader.asm
_check_for_pending_address   0x00008f    program     static C:\Users\User\Documents\GitHub\PIC16F1-USB-Bootloader\bootloader.asm
              ep0_read_in   0x000096    program     static C:\Users\User\Documents\GitHub\PIC16F1-USB-Bootloader\bootloader.asm
                   _bcopy   0x0000a4    program     static C:\Users\User\Documents\GitHub\PIC16F1-USB-Bootloader\bootloader.asm
                  _bcdone   0x0000ad    program     static C:\Users\User\Documents\GitHub\PIC16F1-USB-Bootloader\bootloader.asm
_check_for_config_bmattributes   0x0000af    program     static C:\Users\User\Documents\GitHub\PIC16F1-USB-Bootloader\bootloader.asm
_check_for_config_bmaxpower   0x0000b6    program     static C:\Users\User\Documents\GitHub\PIC16F1-USB-Bootloader\bootloader.asm
                 cdc_init   0x0000be    program     static C:\Users\User\Documents\GitHub\PIC16F1-USB-Bootloader\bootloader.asm
               arm_ep1_in   0x0000c1    program     static C:\Users\User\Documents\GitHub\PIC16F1-USB-Bootloader\bootloader.asm
          usb_service_cdc   0x0000c6    program     static C:\Users\User\Documents\GitHub\PIC16F1-USB-Bootloader\bootloader.asm
              arm_ep1_out   0x0000d5    program     static C:\Users\User\Documents\GitHub\PIC16F1-USB-Bootloader\bootloader.asm
      bootloader_exec_cmd   0x0000da    program     static C:\Users\User\Documents\GitHub\PIC16F1-USB-Bootloader\bootloader.asm
        _bootloader_reset   0x0000e7    program     static C:\Users\User\Documents\GitHub\PIC16F1-USB-Bootloader\bootloader.asm
   _bootloader_set_params   0x0000ec    program     static C:\Users\User\Documents\GitHub\PIC16F1-USB-Bootloader\bootloader.asm
        _bootloader_erase   0x0000fb    program     static C:\Users\User\Documents\GitHub\PIC16F1-USB-Bootloader\bootloader.asm
                   _wdone   0x0000fe    program     static C:\Users\User\Documents\GitHub\PIC16F1-USB-Bootloader\bootloader.asm
        _bootloader_write   0x000100    program     static C:\Users\User\Documents\GitHub\PIC16F1-USB-Bootloader\bootloader.asm
                   _wloop   0x00010b    program     static C:\Users\User\Documents\GitHub\PIC16F1-USB-Bootloader\bootloader.asm
                  _wcksum   0x000117    program     static C:\Users\User\Documents\GitHub\PIC16F1-USB-Bootloader\bootloader.asm
                   _vloop   0x00011f    program     static C:\Users\User\Documents\GitHub\PIC16F1-USB-Bootloader\bootloader.asm
             flash_unlock   0x00012e    program     static C:\Users\User\Documents\GitHub\PIC16F1-USB-Bootloader\bootloader.asm
                      ret   0x000135    program     static C:\Users\User\Documents\GitHub\PIC16F1-USB-Bootloader\bootloader.asm
         bootloader_start   0x000136    program     static C:\Users\User\Documents\GitHub\PIC16F1-USB-Bootloader\bootloader.asm
                    _wosc   0x000138    program     static C:\Users\User\Documents\GitHub\PIC16F1-USB-Bootloader\bootloader.asm
         _bootloader_main   0x000146    program     static C:\Users\User\Documents\GitHub\PIC16F1-USB-Bootloader\bootloader.asm
              _usb_attach   0x00014a    program     static C:\Users\User\Documents\GitHub\PIC16F1-USB-Bootloader\bootloader.asm
                   _usben   0x000150    program     static C:\Users\User\Documents\GitHub\PIC16F1-USB-Bootloader\bootloader.asm
           app_is_present   0x000154    program     static C:\Users\User\Documents\GitHub\PIC16F1-USB-Bootloader\bootloader.asm
     get_app_power_config   0x00015a    program     static C:\Users\User\Documents\GitHub\PIC16F1-USB-Bootloader\bootloader.asm
                 usb_init   0x000165    program     static C:\Users\User\Documents\GitHub\PIC16F1-USB-Bootloader\bootloader.asm
                  _ramclr   0x00017a    program     static C:\Users\User\Documents\GitHub\PIC16F1-USB-Bootloader\bootloader.asm
                  _tflush   0x000183    program     static C:\Users\User\Documents\GitHub\PIC16F1-USB-Bootloader\bootloader.asm
                  _initep   0x000188    program     static C:\Users\User\Documents\GitHub\PIC16F1-USB-Bootloader\bootloader.asm
        DEVICE_DESCRIPTOR   0x0001a1    program     static C:\Users\User\Documents\GitHub\PIC16F1-USB-Bootloader\bootloader.asm
 CONFIGURATION_DESCRIPTOR   0x0001b3    program     static C:\Users\User\Documents\GitHub\PIC16F1-USB-Bootloader\bootloader.asm
   INTERFACE_DESCRIPTOR_0   0x0001bc    program     static C:\Users\User\Documents\GitHub\PIC16F1-USB-Bootloader\bootloader.asm
 CONFIGURATION_0_CONSTANT   0x0001bf    program     static C:\Users\User\Documents\GitHub\PIC16F1-USB-Bootloader\bootloader.asm
 CONFIGURATION_1_CONSTANT   0x0001c0    program     static C:\Users\User\Documents\GitHub\PIC16F1-USB-Bootloader\bootloader.asm
HEADER_FUNCTIONAL_DESCRIPTOR   0x0001c5    program     static C:\Users\User\Documents\GitHub\PIC16F1-USB-Bootloader\bootloader.asm
ABSTRACT_CONTROL_MANAGEMENT_FUNC   0x0001ca    program     static C:\Users\User\Documents\GitHub\PIC16F1-USB-Bootloader\bootloader.asm
UNION_FUNCTIONAL_DESCRIPTOR   0x0001ce    program     static C:\Users\User\Documents\GitHub\PIC16F1-USB-Bootloader\bootloader.asm
CALL_MANAGEMENT_FUNCTIONAL_DESCR   0x0001d3    program     static C:\Users\User\Documents\GitHub\PIC16F1-USB-Bootloader\bootloader.asm
 ENDPOINT_DESCRIPTOR_2_IN   0x0001d8    program     static C:\Users\User\Documents\GitHub\PIC16F1-USB-Bootloader\bootloader.asm
   INTERFACE_DESCRIPTOR_1   0x0001df    program     static C:\Users\User\Documents\GitHub\PIC16F1-USB-Bootloader\bootloader.asm
 ENDPOINT_DESCRIPTOR_1_IN   0x0001e8    program     static C:\Users\User\Documents\GitHub\PIC16F1-USB-Bootloader\bootloader.asm
ENDPOINT_DESCRIPTOR_1_OUT   0x0001ef    program     static C:\Users\User\Documents\GitHub\PIC16F1-USB-Bootloader\bootloader.asm
SERIAL_NUMBER_STRING_DESCRIPTOR   0x0001f6    program     static C:\Users\User\Documents\GitHub\PIC16F1-USB-Bootloader\bootloader.asm


